** Drc report for seacal-scanner.kicad_pcb **
** Created on 2024-03-06T11:00:41+0000 **

** Found 1 DRC violations **
[invalid_outline]: Board has malformed outline (no edges found on Edge.Cuts layer)
    Local override; error
    @(0.0000 mm, 0.0000 mm): PCB

** Found 46 unconnected pads **
[unconnected_items]: Missing connection between items
    Local override; error
    @(147.7500 mm, 81.2800 mm): PTH pad 6 [GND] of J2
    @(147.7500 mm, 83.8200 mm): PTH pad 7 [GND] of J2
[unconnected_items]: Missing connection between items
    Local override; error
    @(166.3500 mm, 86.3600 mm): PTH pad 8 [GND] of J8
    @(161.7000 mm, 86.3600 mm): PTH pad 8 [GND] of J7
[unconnected_items]: Missing connection between items
    Local override; error
    @(105.6600 mm, 88.6200 mm): PTH pad 1 [GND] of Q1
    @(105.6600 mm, 94.4100 mm): PTH pad 1 [GND] of Q2
[unconnected_items]: Missing connection between items
    Local override; error
    @(161.7000 mm, 86.3600 mm): PTH pad 8 [GND] of J7
    @(157.0500 mm, 90.9800 mm): PTH pad 1 [GND] of J9
[unconnected_items]: Missing connection between items
    Local override; error
    @(111.7600 mm, 91.4400 mm): PTH pad 1 [GND] of R2
    @(105.6600 mm, 88.6200 mm): PTH pad 1 [GND] of Q1
[unconnected_items]: Missing connection between items
    Local override; error
    @(143.1000 mm, 90.9800 mm): PTH pad 1 [GND] of J12
    @(143.1000 mm, 98.6000 mm): PTH pad 4 [GND] of J12
[unconnected_items]: Missing connection between items
    Local override; error
    @(143.1000 mm, 90.9800 mm): PTH pad 1 [GND] of J12
    @(147.7500 mm, 83.8200 mm): PTH pad 7 [GND] of J2
[unconnected_items]: Missing connection between items
    Local override; error
    @(147.7500 mm, 83.8200 mm): PTH pad 7 [GND] of J2
    @(157.0500 mm, 90.9800 mm): PTH pad 1 [GND] of J9
[unconnected_items]: Missing connection between items
    Local override; error
    @(111.7600 mm, 91.4400 mm): PTH pad 1 [GND] of R2
    @(143.1000 mm, 90.9800 mm): PTH pad 1 [GND] of J12
[unconnected_items]: Missing connection between items
    Local override; error
    @(106.9300 mm, 88.6200 mm): PTH pad 2 [/CameraSwitch] of Q1
    @(138.4500 mm, 81.2800 mm): PTH pad 6 [/CameraSwitch] of J3
[unconnected_items]: Missing connection between items
    Local override; error
    @(108.2000 mm, 88.6200 mm): PTH pad 3 [Net-(Q1-C)] of Q1
    @(111.7600 mm, 87.3900 mm): PTH pad 1 [Net-(Q1-C)] of R1
[unconnected_items]: Missing connection between items
    Local override; error
    @(106.9300 mm, 94.4100 mm): PTH pad 2 [/FanSwitch] of Q2
    @(138.4500 mm, 78.7400 mm): PTH pad 5 [/FanSwitch] of J3
[unconnected_items]: Missing connection between items
    Local override; error
    @(108.2000 mm, 94.4100 mm): PTH pad 3 [/FanGround] of Q2
    @(161.7000 mm, 90.9800 mm): PTH pad 1 [/FanGround] of J10
[unconnected_items]: Missing connection between items
    Local override; error
    @(121.9200 mm, 87.3900 mm): PTH pad 2 [Net-(J9-Pin_2)] of R1
    @(121.9200 mm, 91.4400 mm): PTH pad 2 [Net-(J9-Pin_2)] of R2
[unconnected_items]: Missing connection between items
    Local override; error
    @(121.9200 mm, 91.4400 mm): PTH pad 2 [Net-(J9-Pin_2)] of R2
    @(157.0500 mm, 93.5200 mm): PTH pad 2 [Net-(J9-Pin_2)] of J9
[unconnected_items]: Missing connection between items
    Local override; error
    @(152.4000 mm, 86.3600 mm): PTH pad 8 [/Setup5] of J5
    @(157.0500 mm, 86.3600 mm): PTH pad 8 [/Setup5] of J6
[unconnected_items]: Missing connection between items
    Local override; error
    @(143.1000 mm, 68.5800 mm): PTH pad 1 [/Setup5] of J1
    @(152.4000 mm, 86.3600 mm): PTH pad 8 [/Setup5] of J5
[unconnected_items]: Missing connection between items
    Local override; error
    @(152.4000 mm, 83.8200 mm): PTH pad 7 [/Setup4] of J5
    @(157.0500 mm, 83.8200 mm): PTH pad 7 [/Setup4] of J6
[unconnected_items]: Missing connection between items
    Local override; error
    @(143.1000 mm, 71.1200 mm): PTH pad 2 [/Setup4] of J1
    @(152.4000 mm, 83.8200 mm): PTH pad 7 [/Setup4] of J5
[unconnected_items]: Missing connection between items
    Local override; error
    @(152.4000 mm, 81.2800 mm): PTH pad 6 [/Setup3] of J5
    @(157.0500 mm, 81.2800 mm): PTH pad 6 [/Setup3] of J6
[unconnected_items]: Missing connection between items
    Local override; error
    @(143.1000 mm, 73.6600 mm): PTH pad 3 [/Setup3] of J1
    @(152.4000 mm, 81.2800 mm): PTH pad 6 [/Setup3] of J5
[unconnected_items]: Missing connection between items
    Local override; error
    @(152.4000 mm, 78.7400 mm): PTH pad 5 [/Setup2] of J5
    @(157.0500 mm, 78.7400 mm): PTH pad 5 [/Setup2] of J6
[unconnected_items]: Missing connection between items
    Local override; error
    @(143.1000 mm, 76.2000 mm): PTH pad 4 [/Setup2] of J1
    @(152.4000 mm, 78.7400 mm): PTH pad 5 [/Setup2] of J5
[unconnected_items]: Missing connection between items
    Local override; error
    @(157.0500 mm, 76.2000 mm): PTH pad 4 [/Setup1] of J6
    @(152.4000 mm, 76.2000 mm): PTH pad 4 [/Setup1] of J5
[unconnected_items]: Missing connection between items
    Local override; error
    @(152.4000 mm, 76.2000 mm): PTH pad 4 [/Setup1] of J5
    @(143.1000 mm, 78.7400 mm): PTH pad 5 [/Setup1] of J1
[unconnected_items]: Missing connection between items
    Local override; error
    @(161.7000 mm, 83.8200 mm): PTH pad 7 [VCC] of J7
    @(166.3500 mm, 83.8200 mm): PTH pad 7 [VCC] of J8
[unconnected_items]: Missing connection between items
    Local override; error
    @(147.7500 mm, 78.7400 mm): PTH pad 5 [VCC] of J2
    @(161.7000 mm, 83.8200 mm): PTH pad 7 [VCC] of J7
[unconnected_items]: Missing connection between items
    Local override; error
    @(147.7500 mm, 86.3600 mm): PTH pad 8 [VEE] of J2
    @(161.7000 mm, 93.5200 mm): PTH pad 2 [VEE] of J10
[unconnected_items]: Missing connection between items
    Local override; error
    @(138.4500 mm, 68.5800 mm): PTH pad 1 [/BaseStep] of J3
    @(157.0500 mm, 71.1200 mm): PTH pad 2 [/BaseStep] of J6
[unconnected_items]: Missing connection between items
    Local override; error
    @(138.4500 mm, 71.1200 mm): PTH pad 2 [/BaseDirection] of J3
    @(157.0500 mm, 68.5800 mm): PTH pad 1 [/BaseDirection] of J6
[unconnected_items]: Missing connection between items
    Local override; error
    @(138.4500 mm, 73.6600 mm): PTH pad 3 [/ArmStep] of J3
    @(152.4000 mm, 71.1200 mm): PTH pad 2 [/ArmStep] of J5
[unconnected_items]: Missing connection between items
    Local override; error
    @(138.4500 mm, 76.2000 mm): PTH pad 4 [/ArmDirection] of J3
    @(152.4000 mm, 68.5800 mm): PTH pad 1 [/ArmDirection] of J5
[unconnected_items]: Missing connection between items
    Local override; error
    @(143.1000 mm, 93.5200 mm): PTH pad 2 [/LimitSwitch1] of J12
    @(171.0000 mm, 68.5800 mm): PTH pad 1 [/LimitSwitch1] of J4
[unconnected_items]: Missing connection between items
    Local override; error
    @(143.1000 mm, 96.0600 mm): PTH pad 3 [/LimitSwitch2] of J12
    @(171.0000 mm, 71.1200 mm): PTH pad 2 [/LimitSwitch2] of J4
[unconnected_items]: Missing connection between items
    Local override; error
    @(166.3500 mm, 68.5800 mm): PTH pad 1 [/MotorPos] of J8
    @(161.7000 mm, 68.5800 mm): PTH pad 1 [/MotorPos] of J7
[unconnected_items]: Missing connection between items
    Local override; error
    @(166.3500 mm, 93.5200 mm): PTH pad 2 [/MotorPos] of J11
    @(166.3500 mm, 68.5800 mm): PTH pad 1 [/MotorPos] of J8
[unconnected_items]: Missing connection between items
    Local override; error
    @(166.3500 mm, 71.1200 mm): PTH pad 2 [/MotorGround] of J8
    @(161.7000 mm, 71.1200 mm): PTH pad 2 [/MotorGround] of J7
[unconnected_items]: Missing connection between items
    Local override; error
    @(166.3500 mm, 90.9800 mm): PTH pad 1 [/MotorGround] of J11
    @(166.3500 mm, 71.1200 mm): PTH pad 2 [/MotorGround] of J8
[unconnected_items]: Missing connection between items
    Local override; error
    @(147.7500 mm, 98.6000 mm): PTH pad 4 [/ArmStep4] of J13
    @(161.7000 mm, 73.6600 mm): PTH pad 3 [/ArmStep4] of J7
[unconnected_items]: Missing connection between items
    Local override; error
    @(147.7500 mm, 96.0600 mm): PTH pad 3 [/ArmStep3] of J13
    @(161.7000 mm, 76.2000 mm): PTH pad 4 [/ArmStep3] of J7
[unconnected_items]: Missing connection between items
    Local override; error
    @(147.7500 mm, 93.5200 mm): PTH pad 2 [/ArmStep2] of J13
    @(161.7000 mm, 78.7400 mm): PTH pad 5 [/ArmStep2] of J7
[unconnected_items]: Missing connection between items
    Local override; error
    @(147.7500 mm, 90.9800 mm): PTH pad 1 [/ArmStep1] of J13
    @(161.7000 mm, 81.2800 mm): PTH pad 6 [/ArmStep1] of J7
[unconnected_items]: Missing connection between items
    Local override; error
    @(152.4000 mm, 98.6000 mm): PTH pad 4 [/BaseStep4] of J14
    @(166.3500 mm, 73.6600 mm): PTH pad 3 [/BaseStep4] of J8
[unconnected_items]: Missing connection between items
    Local override; error
    @(152.4000 mm, 96.0600 mm): PTH pad 3 [/BaseStep3] of J14
    @(166.3500 mm, 76.2000 mm): PTH pad 4 [/BaseStep3] of J8
[unconnected_items]: Missing connection between items
    Local override; error
    @(152.4000 mm, 93.5200 mm): PTH pad 2 [/BaseStep2] of J14
    @(166.3500 mm, 78.7400 mm): PTH pad 5 [/BaseStep2] of J8
[unconnected_items]: Missing connection between items
    Local override; error
    @(152.4000 mm, 90.9800 mm): PTH pad 1 [/BaseStep1] of J14
    @(166.3500 mm, 81.2800 mm): PTH pad 6 [/BaseStep1] of J8

** Found 0 Footprint errors **

** End of Report **
